{
  "version": "1.5.0",
  "plugins_used": [
    {
      "name": "ArtifactoryDetector"
    },
    {
      "name": "AWSKeyDetector"
    },
    {
      "name": "AzureStorageKeyDetector"
    },
    {
      "name": "Base64HighEntropyString",
      "limit": 4.5
    },
    {
      "name": "BasicAuthDetector"
    },
    {
      "name": "CloudantDetector"
    },
    {
      "name": "DiscordBotTokenDetector"
    },
    {
      "name": "GitHubTokenDetector"
    },
    {
      "name": "GitLabTokenDetector"
    },
    {
      "name": "HexHighEntropyString",
      "limit": 3.0
    },
    {
      "name": "IbmCloudIamDetector"
    },
    {
      "name": "IbmCosHmacDetector"
    },
    {
      "name": "IPPublicDetector"
    },
    {
      "name": "JwtTokenDetector"
    },
    {
      "name": "KeywordDetector",
      "keyword_exclude": ""
    },
    {
      "name": "MailchimpDetector"
    },
    {
      "name": "NpmDetector"
    },
    {
      "name": "OpenAIDetector"
    },
    {
      "name": "PrivateKeyDetector"
    },
    {
      "name": "PypiTokenDetector"
    },
    {
      "name": "SendGridDetector"
    },
    {
      "name": "SlackDetector"
    },
    {
      "name": "SoftlayerDetector"
    },
    {
      "name": "SquareOAuthDetector"
    },
    {
      "name": "StripeDetector"
    },
    {
      "name": "TelegramBotTokenDetector"
    },
    {
      "name": "TwilioKeyDetector"
    }
  ],
  "filters_used": [
    {
      "path": "detect_secrets.filters.allowlist.is_line_allowlisted"
    },
    {
      "path": "detect_secrets.filters.common.is_baseline_file",
      "filename": ".secrets.baseline"
    },
    {
      "path": "detect_secrets.filters.common.is_ignored_due_to_verification_policies",
      "min_level": 2
    },
    {
      "path": "detect_secrets.filters.heuristic.is_indirect_reference"
    },
    {
      "path": "detect_secrets.filters.heuristic.is_likely_id_string"
    },
    {
      "path": "detect_secrets.filters.heuristic.is_lock_file"
    },
    {
      "path": "detect_secrets.filters.heuristic.is_not_alphanumeric_string"
    },
    {
      "path": "detect_secrets.filters.heuristic.is_potential_uuid"
    },
    {
      "path": "detect_secrets.filters.heuristic.is_prefixed_with_dollar_sign"
    },
    {
      "path": "detect_secrets.filters.heuristic.is_sequential_string"
    },
    {
      "path": "detect_secrets.filters.heuristic.is_swagger_file"
    },
    {
      "path": "detect_secrets.filters.heuristic.is_templated_secret"
    },
    {
      "path": "detect_secrets.filters.regex.should_exclude_file",
      "pattern": [
        "^(node_modules/|qdrant_storage/|\\.venv/|\\.mypy_cache/|\\.ruff_cache/|uv\\.lock|package-lock\\.json|security/sbom/)"
      ]
    }
  ],
  "results": {
    "agents/policies/approval.py": [
      {
        "type": "Secret Keyword",
        "filename": "agents/policies/approval.py",
        "hashed_secret": "1f195650e15ef4b8a61d6f5bb75f0fe1af723ee1",
        "is_verified": false,
        "line_number": 44
      }
    ],
    "agents/policies/policy.json": [
      {
        "type": "Secret Keyword",
        "filename": "agents/policies/policy.json",
        "hashed_secret": "1f195650e15ef4b8a61d6f5bb75f0fe1af723ee1",
        "is_verified": false,
        "line_number": 9
      }
    ],
    "attack/data/detection-01.json": [
      {
        "type": "Artifactory Credentials",
        "filename": "attack/data/detection-01.json",
        "hashed_secret": "b8ea3f53da160f5d73fd0466a7ae2958050d001e",
        "is_verified": false,
        "line_number": 3962
      }
    ],
    "attack/pins/enterprise-attack.pin.json": [
      {
        "type": "Hex High Entropy String",
        "filename": "attack/pins/enterprise-attack.pin.json",
        "hashed_secret": "64fbfa60ff2ef05cfee9ab48a8642a62f73dae1a",
        "is_verified": false,
        "line_number": 5
      },
      {
        "type": "Hex High Entropy String",
        "filename": "attack/pins/enterprise-attack.pin.json",
        "hashed_secret": "629247b56aa53560823f7fe95e6510dd8aa7f3e7",
        "is_verified": false,
        "line_number": 11
      },
      {
        "type": "Hex High Entropy String",
        "filename": "attack/pins/enterprise-attack.pin.json",
        "hashed_secret": "e03edf01be7bd2f554b135ef5bbcf97ac8f563f7",
        "is_verified": false,
        "line_number": 12
      },
      {
        "type": "Hex High Entropy String",
        "filename": "attack/pins/enterprise-attack.pin.json",
        "hashed_secret": "68d82fea72f2dc311322957cafc5f808be37e9d3",
        "is_verified": false,
        "line_number": 13
      },
      {
        "type": "Hex High Entropy String",
        "filename": "attack/pins/enterprise-attack.pin.json",
        "hashed_secret": "80233ae18d8a642bfe830972ee1a88287c43c7ae",
        "is_verified": false,
        "line_number": 14
      },
      {
        "type": "Hex High Entropy String",
        "filename": "attack/pins/enterprise-attack.pin.json",
        "hashed_secret": "2ef1e54ee411e4f6421dd71f8f9718101855c0fd",
        "is_verified": false,
        "line_number": 15
      },
      {
        "type": "Hex High Entropy String",
        "filename": "attack/pins/enterprise-attack.pin.json",
        "hashed_secret": "74b0ddfa2cca693e8774516cba8a3d6f7b2656ea",
        "is_verified": false,
        "line_number": 16
      },
      {
        "type": "Hex High Entropy String",
        "filename": "attack/pins/enterprise-attack.pin.json",
        "hashed_secret": "94a9b471e95602f609abc10fe4f2f7d69a220b7a",
        "is_verified": false,
        "line_number": 17
      }
    ],
    "compliance/controls.py": [
      {
        "type": "Secret Keyword",
        "filename": "compliance/controls.py",
        "hashed_secret": "46f8cac2e04a4966b9291c1341a14d0923c8ad25",
        "is_verified": false,
        "line_number": 46
      }
    ],
    "tests/unit/test_compliance_controls.py": [
      {
        "type": "Secret Keyword",
        "filename": "tests/unit/test_compliance_controls.py",
        "hashed_secret": "1f195650e15ef4b8a61d6f5bb75f0fe1af723ee1",
        "is_verified": false,
        "line_number": 33
      }
    ]
  },
  "generated_at": "2026-08-21T09:00:14Z"
}
